// Jest Snapshot v1, https://goo.gl/fbAQLP

exports[`testing components renders  correctly 1`] = `
<div
  className="calc-content"
>
  <h1>
    Lets do some math!
  </h1>
  <div
    className="container"
  >
    <button
      className="item1"
      onClick={[Function]}
      type="button"
    >
        
    </button>
    <button
      onClick={[Function]}
      type="button"
    >
      AC
    </button>
    <button
      onClick={[Function]}
      type="button"
    >
      +/-
    </button>
    <button
      onClick={[Function]}
      type="button"
    >
      %
    </button>
    <button
      className="special"
      onClick={[Function]}
      type="button"
    >
      +
    </button>
    <button
      onClick={[Function]}
      type="button"
    >
      7
    </button>
    <button
      onClick={[Function]}
      type="button"
    >
      8
    </button>
    <button
      onClick={[Function]}
      type="button"
    >
      9
    </button>
    <button
      className="special"
      onClick={[Function]}
      type="button"
    >
      x
    </button>
    <button
      onClick={[Function]}
      type="button"
    >
      4
    </button>
    <button
      onClick={[Function]}
      type="button"
    >
      5
    </button>
    <button
      onClick={[Function]}
      type="button"
    >
      6
    </button>
    <button
      className="special"
      onClick={[Function]}
      type="button"
    >
      -
    </button>
    <button
      onClick={[Function]}
      type="button"
    >
      1
    </button>
    <button
      onClick={[Function]}
      type="button"
    >
      2
    </button>
    <button
      onClick={[Function]}
      type="button"
    >
      3
    </button>
    <button
      className="special"
      onClick={[Function]}
      type="button"
    >
      รท
    </button>
    <button
      className="item0"
      onClick={[Function]}
      type="button"
    >
      0
    </button>
    <button
      onClick={[Function]}
      type="button"
    >
      .
    </button>
    <button
      className="special"
      onClick={[Function]}
      type="button"
    >
      =
    </button>
  </div>
</div>
`;

exports[`testing components renders Calculator component correctly 1`] = `
<div
  className="calc-content"
>
  <h1>
    Lets do some math!
  </h1>
  <div
    className="container"
  >
    <button
      className="item1"
      onClick={[Function]}
      type="button"
    >
        
    </button>
    <button
      onClick={[Function]}
      type="button"
    >
      AC
    </button>
    <button
      onClick={[Function]}
      type="button"
    >
      +/-
    </button>
    <button
      onClick={[Function]}
      type="button"
    >
      %
    </button>
    <button
      className="special"
      onClick={[Function]}
      type="button"
    >
      +
    </button>
    <button
      onClick={[Function]}
      type="button"
    >
      7
    </button>
    <button
      onClick={[Function]}
      type="button"
    >
      8
    </button>
    <button
      onClick={[Function]}
      type="button"
    >
      9
    </button>
    <button
      className="special"
      onClick={[Function]}
      type="button"
    >
      x
    </button>
    <button
      onClick={[Function]}
      type="button"
    >
      4
    </button>
    <button
      onClick={[Function]}
      type="button"
    >
      5
    </button>
    <button
      onClick={[Function]}
      type="button"
    >
      6
    </button>
    <button
      className="special"
      onClick={[Function]}
      type="button"
    >
      -
    </button>
    <button
      onClick={[Function]}
      type="button"
    >
      1
    </button>
    <button
      onClick={[Function]}
      type="button"
    >
      2
    </button>
    <button
      onClick={[Function]}
      type="button"
    >
      3
    </button>
    <button
      className="special"
      onClick={[Function]}
      type="button"
    >
      รท
    </button>
    <button
      className="item0"
      onClick={[Function]}
      type="button"
    >
      0
    </button>
    <button
      onClick={[Function]}
      type="button"
    >
      .
    </button>
    <button
      className="special"
      onClick={[Function]}
      type="button"
    >
      =
    </button>
  </div>
</div>
`;

exports[`testing components renders Home Component correctly 1`] = `
<div
  className="welcome"
>
  <h1>
    Welcome to our page!!
  </h1>
  <p>
    Lorem, ipsum dolor sit amet consectetur adipisicing elit. Est alias, aperiam sint cumque optio provident aliquid reiciendis quisquam perferendis veritatis tenetur sed iusto hic minus. Impedit consectetur alias amet dolorem. Lorem ipsum dolor sit amet, consectetur adipisicing elit. Quis enim quibusdam, recusandae quisquam harum tempore, expedita voluptatibus sunt nulla corporis repellat magni. Explicabo animi esse at non nisi enim ratione. Lorem ipsum dolor sit amet consectetur adipisicing elit. Exercitationem reprehenderit laudantium voluptatibus veniam? Quod accusantium incidunt officia, praesentium nihil nisi ex dolor! Maxime ipsa delectus vero repellat, temporibus amet illum! Lorem ipsum dolor, sit amet consectetur adipisicing elit. Inventore illo earum, temporibus molestiae error, quibusdam praesentium vero sit facere veritatis ratione laudantium aliquam magni autem consectetur voluptates architecto suscipit facilis? Lorem ipsum dolor sit amet consectetur adipisicing elit. Non, quo aspernatur ratione est eligendi impedit voluptas id, doloremque consectetur inventore omnis repudiandae debitis, dicta nisi tempora voluptate! Laboriosam, amet laudantium. Lorem ipsum dolor sit amet consectetur adipisicing elit. Omnis dignissimos ratione quia necessitatibus perferendis minima vero doloremque odio dolorum obcaecati. Ipsum esse corporis nemo temporibus commodi necessitatibus qui est obcaecati.
  </p>
  <p>
    Lorem, ipsum dolor sit amet consectetur adipisicing elit. Est alias, aperiam sint cumque optio provident aliquid reiciendis quisquam perferendis veritatis tenetur sed iusto hic minus. Impedit consectetur alias amet dolorem. Lorem ipsum dolor sit amet, consectetur adipisicing elit. Quis enim quibusdam, recusandae quisquam harum tempore, expedita voluptatibus sunt nulla corporis repellat magni. Explicabo animi esse at non nisi enim ratione. Lorem ipsum dolor sit amet consectetur adipisicing elit. Exercitationem reprehenderit laudantium voluptatibus veniam? Quod accusantium incidunt officia, praesentium nihil nisi ex dolor! Maxime ipsa delectus vero repellat, temporibus amet illum! Lorem ipsum dolor, sit amet consectetur adipisicing elit. Inventore illo earum, temporibus molestiae error, quibusdam praesentium vero sit facere veritatis ratione laudantium aliquam magni autem consectetur voluptates architecto suscipit facilis? Lorem ipsum dolor sit amet consectetur adipisicing elit. Non, quo aspernatur ratione est eligendi impedit voluptas id, doloremque consectetur inventore omnis repudiandae debitis, dicta nisi tempora voluptate! Laboriosam, amet laudantium. Lorem ipsum dolor sit amet consectetur adipisicing elit. Omnis dignissimos ratione quia necessitatibus perferendis minima vero doloremque odio dolorum obcaecati. Ipsum esse corporis nemo temporibus commodi necessitatibus qui est obcaecati.
  </p>
</div>
`;

exports[`testing components renders Quote component correctly 1`] = `
<div
  className="quote"
>
  Mathematics is not about numbers, equations, computations or algorithms. Its about understanding. -William Paul Thurston.
</div>
`;

exports[`testing components renders Quote component correctly 2`] = `
<div
  className="quote"
>
  Mathematics is not about numbers, equations, computations or algorithms. Its about understanding. -William Paul Thurston.
</div>
`;

exports[`testing components renders correctly 1`] = `
<div
  className="calc-content"
>
  <h1>
    Lets do some math!
  </h1>
  <div
    className="container"
  >
    <button
      className="item1"
      onClick={[Function]}
      type="button"
    >
        
    </button>
    <button
      onClick={[Function]}
      type="button"
    >
      AC
    </button>
    <button
      onClick={[Function]}
      type="button"
    >
      +/-
    </button>
    <button
      onClick={[Function]}
      type="button"
    >
      %
    </button>
    <button
      className="special"
      onClick={[Function]}
      type="button"
    >
      +
    </button>
    <button
      onClick={[Function]}
      type="button"
    >
      7
    </button>
    <button
      onClick={[Function]}
      type="button"
    >
      8
    </button>
    <button
      onClick={[Function]}
      type="button"
    >
      9
    </button>
    <button
      className="special"
      onClick={[Function]}
      type="button"
    >
      x
    </button>
    <button
      onClick={[Function]}
      type="button"
    >
      4
    </button>
    <button
      onClick={[Function]}
      type="button"
    >
      5
    </button>
    <button
      onClick={[Function]}
      type="button"
    >
      6
    </button>
    <button
      className="special"
      onClick={[Function]}
      type="button"
    >
      -
    </button>
    <button
      onClick={[Function]}
      type="button"
    >
      1
    </button>
    <button
      onClick={[Function]}
      type="button"
    >
      2
    </button>
    <button
      onClick={[Function]}
      type="button"
    >
      3
    </button>
    <button
      className="special"
      onClick={[Function]}
      type="button"
    >
      รท
    </button>
    <button
      className="item0"
      onClick={[Function]}
      type="button"
    >
      0
    </button>
    <button
      onClick={[Function]}
      type="button"
    >
      .
    </button>
    <button
      className="special"
      onClick={[Function]}
      type="button"
    >
      =
    </button>
  </div>
</div>
`;

exports[`testing components renders correctly 2`] = `
<div
  className="welcome"
>
  <h1>
    Welcome to our page!!
  </h1>
  <p>
    Lorem, ipsum dolor sit amet consectetur adipisicing elit. Est alias, aperiam sint cumque optio provident aliquid reiciendis quisquam perferendis veritatis tenetur sed iusto hic minus. Impedit consectetur alias amet dolorem. Lorem ipsum dolor sit amet, consectetur adipisicing elit. Quis enim quibusdam, recusandae quisquam harum tempore, expedita voluptatibus sunt nulla corporis repellat magni. Explicabo animi esse at non nisi enim ratione. Lorem ipsum dolor sit amet consectetur adipisicing elit. Exercitationem reprehenderit laudantium voluptatibus veniam? Quod accusantium incidunt officia, praesentium nihil nisi ex dolor! Maxime ipsa delectus vero repellat, temporibus amet illum! Lorem ipsum dolor, sit amet consectetur adipisicing elit. Inventore illo earum, temporibus molestiae error, quibusdam praesentium vero sit facere veritatis ratione laudantium aliquam magni autem consectetur voluptates architecto suscipit facilis? Lorem ipsum dolor sit amet consectetur adipisicing elit. Non, quo aspernatur ratione est eligendi impedit voluptas id, doloremque consectetur inventore omnis repudiandae debitis, dicta nisi tempora voluptate! Laboriosam, amet laudantium. Lorem ipsum dolor sit amet consectetur adipisicing elit. Omnis dignissimos ratione quia necessitatibus perferendis minima vero doloremque odio dolorum obcaecati. Ipsum esse corporis nemo temporibus commodi necessitatibus qui est obcaecati.
  </p>
  <p>
    Lorem, ipsum dolor sit amet consectetur adipisicing elit. Est alias, aperiam sint cumque optio provident aliquid reiciendis quisquam perferendis veritatis tenetur sed iusto hic minus. Impedit consectetur alias amet dolorem. Lorem ipsum dolor sit amet, consectetur adipisicing elit. Quis enim quibusdam, recusandae quisquam harum tempore, expedita voluptatibus sunt nulla corporis repellat magni. Explicabo animi esse at non nisi enim ratione. Lorem ipsum dolor sit amet consectetur adipisicing elit. Exercitationem reprehenderit laudantium voluptatibus veniam? Quod accusantium incidunt officia, praesentium nihil nisi ex dolor! Maxime ipsa delectus vero repellat, temporibus amet illum! Lorem ipsum dolor, sit amet consectetur adipisicing elit. Inventore illo earum, temporibus molestiae error, quibusdam praesentium vero sit facere veritatis ratione laudantium aliquam magni autem consectetur voluptates architecto suscipit facilis? Lorem ipsum dolor sit amet consectetur adipisicing elit. Non, quo aspernatur ratione est eligendi impedit voluptas id, doloremque consectetur inventore omnis repudiandae debitis, dicta nisi tempora voluptate! Laboriosam, amet laudantium. Lorem ipsum dolor sit amet consectetur adipisicing elit. Omnis dignissimos ratione quia necessitatibus perferendis minima vero doloremque odio dolorum obcaecati. Ipsum esse corporis nemo temporibus commodi necessitatibus qui est obcaecati.
  </p>
</div>
`;

exports[`testing components renders correctly 3`] = `
<div
  className="quote"
>
  Mathematics is not about numbers, equations, computations or algorithms. Its about understanding. -William Paul Thurston.
</div>
`;
